using Microsoft.Data.Entity;
using Microsoft.Data.Entity.Metadata;

namespace E2E.Sqlite
{
    public partial class SelfRefFluentApiContext : DbContext
    {
        protected override void OnConfiguring(DbContextOptionsBuilder options)
        {
            options.UseSqlite(@"Data Source=SelfRefFluentApi.db;Cache=Private");
        }

        protected override void OnModelCreating(ModelBuilder modelBuilder)
        {
            modelBuilder.Entity<SelfRef>(entity =>
            {
                entity.HasOne(d => d.SelfForeignKeyNavigation).WithMany(p => p.InverseSelfForeignKeyNavigation).HasForeignKey(d => d.SelfForeignKey);
            });
        }

        public virtual DbSet<SelfRef> SelfRef { get; set; }
    }
}