using System;
using System.Collections.Generic;
using System.ComponentModel.DataAnnotations;
using System.ComponentModel.DataAnnotations.Schema;

namespace E2E.Sqlite
{
    public class Comment
    {
        public long Id { get; set; }
        public string Contents { get; set; }
        public long UserAltId { get; set; }

        public virtual User UserAlt { get; set; }
    }
}
