using Microsoft.Data.Entity;
using Microsoft.Data.Entity.Metadata;

namespace E2E.Sqlite
{
    public partial class ManyToManyFluentApiContext : DbContext
    {
        protected override void OnConfiguring(DbContextOptionsBuilder options)
        {
            options.UseSqlite(@"Data Source=ManyToManyFluentApi.db;Cache=Private");
        }

        protected override void OnModelCreating(ModelBuilder modelBuilder)
        {
            modelBuilder.Entity<Users_Groups>(entity =>
            {
                entity.HasAlternateKey(e => new { e.UserId, e.GroupId });

                entity.HasOne(d => d.Group).WithMany(p => p.Users_Groups).HasForeignKey(d => d.GroupId);

                entity.HasOne(d => d.User).WithMany(p => p.Users_Groups).HasForeignKey(d => d.UserId);
            });
        }

        public virtual DbSet<Groups> Groups { get; set; }
        public virtual DbSet<Users> Users { get; set; }
        public virtual DbSet<Users_Groups> Users_Groups { get; set; }
    }
}