using System;
using System.Collections.Generic;

namespace E2E.Sqlite
{
    public class Users_Groups
    {
        public string Id { get; set; }
        public string GroupId { get; set; }
        public string UserId { get; set; }

        public virtual Groups Group { get; set; }
        public virtual Users User { get; set; }
    }
}
