using Microsoft.Data.Entity;
using Microsoft.Data.Entity.Metadata;

namespace E2E.Sqlite
{
    public partial class FkToAltKeyContext : DbContext
    {
        protected override void OnConfiguring(DbContextOptionsBuilder options)
        {
            options.UseSqlite(@"Data Source=FkToAltKeyFluentApi.db;Cache=Private");
        }

        protected override void OnModelCreating(ModelBuilder modelBuilder)
        {
            modelBuilder.Entity<Comment>(entity =>
            {
                entity.HasOne(d => d.UserAlt).WithMany(p => p.Comment).HasPrincipalKey(p => p.AltId).HasForeignKey(d => d.UserAltId);
            });

            modelBuilder.Entity<User>(entity =>
            {
                entity.HasAlternateKey(e => e.AltId);
            });
        }

        public virtual DbSet<Comment> Comment { get; set; }
        public virtual DbSet<User> User { get; set; }
    }
}