// Unable to generate EntityType Principal. Unable to identify the primary key for table 'Principal'.
