using System;
using System.Collections.Generic;

namespace E2E.Sqlite
{
    public class OneToManyPrincipal
    {
        public OneToManyPrincipal()
        {
            OneToManyDependent = new HashSet<OneToManyDependent>();
        }

        public long OneToManyPrincipalID1 { get; set; }
        public long OneToManyPrincipalID2 { get; set; }
        public string Other { get; set; }

        public virtual ICollection<OneToManyDependent> OneToManyDependent { get; set; }
    }
}
