using System;
using System.Collections.Generic;
using System.ComponentModel.DataAnnotations;
using System.ComponentModel.DataAnnotations.Schema;

namespace E2E.Sqlite
{
    public class Groups
    {
        public Groups()
        {
            Users_Groups = new HashSet<Users_Groups>();
        }

        public string Id { get; set; }

        [InverseProperty("Group")]
        public virtual ICollection<Users_Groups> Users_Groups { get; set; }
    }
}
