using System;
using System.Collections.Generic;

namespace E2ETest.Namespace
{
    public class ReferredToByTableWithUnmappablePrimaryKeyColumn
    {
        public int ReferredToByTableWithUnmappablePrimaryKeyColumnID { get; set; }
        public string AColumn { get; set; }
        public int ValueGeneratedOnAddColumn { get; set; }

        // Unable to add a Navigation Property referencing type TableWithUnmappablePrimaryKeyColumn because of errors generating that EntityType.
    }
}
