// Unable to generate EntityType TableWithUnmappablePrimaryKeyColumn. Unable to identify the primary key for table 'dbo.TableWithUnmappablePrimaryKeyColumn'.
